Archive member included to satisfy reference by file (symbol)

/home/badman/Programowanie/LPC1114_MCU/CMSIS_CORE_LPC11xx/Debug/libCMSIS_CORE_LPC11xx.a(system_LPC11xx.o)
                              ./src/cr_startup_lpc11xx.o (SystemInit)
/usr/local/mcuxpressoide-11.5.1_7266/ide/plugins/com.nxp.mcuxpresso.tools.linux_11.5.1.202201181444/tools/bin/../lib/gcc/arm-none-eabi/10.3.1/../../../../arm-none-eabi/lib/thumb/v6-m/nofp/libcr_c.a(__weak__main.o)
                              ./src/cr_startup_lpc11xx.o (__main)
/usr/local/mcuxpressoide-11.5.1_7266/ide/plugins/com.nxp.mcuxpresso.tools.linux_11.5.1.202201181444/tools/bin/../lib/gcc/arm-none-eabi/10.3.1/../../../../arm-none-eabi/lib/thumb/v6-m/nofp/libcr_c.a(itoa.o)
                              ./hd44780/hd44780.o (itoa)
/usr/local/mcuxpressoide-11.5.1_7266/ide/plugins/com.nxp.mcuxpresso.tools.linux_11.5.1.202201181444/tools/bin/../lib/gcc/arm-none-eabi/10.3.1/thumb/v6-m/nofp/libcr_eabihelpers.a(division_32.o)
                              /home/badman/Programowanie/LPC1114_MCU/CMSIS_CORE_LPC11xx/Debug/libCMSIS_CORE_LPC11xx.a(system_LPC11xx.o) (__aeabi_idiv)
/usr/local/mcuxpressoide-11.5.1_7266/ide/plugins/com.nxp.mcuxpresso.tools.linux_11.5.1.202201181444/tools/bin/../lib/gcc/arm-none-eabi/10.3.1/thumb/v6-m/nofp/libcr_eabihelpers.a(division_idiv0.o)
                              /usr/local/mcuxpressoide-11.5.1_7266/ide/plugins/com.nxp.mcuxpresso.tools.linux_11.5.1.202201181444/tools/bin/../lib/gcc/arm-none-eabi/10.3.1/thumb/v6-m/nofp/libcr_eabihelpers.a(division_32.o) (__aeabi_idiv0)

Discarded input sections

 .group         0x0000000000000000        0xc ./src/WYS_HD44780.o
 .group         0x0000000000000000        0xc ./src/WYS_HD44780.o
 .group         0x0000000000000000        0xc ./src/WYS_HD44780.o
 .group         0x0000000000000000        0xc ./src/WYS_HD44780.o
 .group         0x0000000000000000        0xc ./src/WYS_HD44780.o
 .group         0x0000000000000000        0xc ./src/WYS_HD44780.o
 .group         0x0000000000000000        0xc ./src/WYS_HD44780.o
 .group         0x0000000000000000        0xc ./src/WYS_HD44780.o
 .group         0x0000000000000000        0xc ./src/WYS_HD44780.o
 .group         0x0000000000000000        0xc ./src/WYS_HD44780.o
 .text          0x0000000000000000        0x0 ./src/WYS_HD44780.o
 .data          0x0000000000000000        0x0 ./src/WYS_HD44780.o
 .bss           0x0000000000000000        0x0 ./src/WYS_HD44780.o
 .group         0x0000000000000000        0xc ./src/cr_startup_lpc11xx.o
 .text          0x0000000000000000        0x0 ./src/cr_startup_lpc11xx.o
 .data          0x0000000000000000        0x0 ./src/cr_startup_lpc11xx.o
 .bss           0x0000000000000000        0x0 ./src/cr_startup_lpc11xx.o
 .debug_macro   0x0000000000000000      0xa66 ./src/cr_startup_lpc11xx.o
 .group         0x0000000000000000        0xc ./src/crp.o
 .group         0x0000000000000000        0xc ./src/crp.o
 .text          0x0000000000000000        0x0 ./src/crp.o
 .data          0x0000000000000000        0x0 ./src/crp.o
 .bss           0x0000000000000000        0x0 ./src/crp.o
 .crp           0x0000000000000000        0x4 ./src/crp.o
 .debug_info    0x0000000000000000       0x40 ./src/crp.o
 .debug_abbrev  0x0000000000000000       0x38 ./src/crp.o
 .debug_aranges
                0x0000000000000000       0x18 ./src/crp.o
 .debug_macro   0x0000000000000000       0x1a ./src/crp.o
 .debug_macro   0x0000000000000000      0xa66 ./src/crp.o
 .debug_macro   0x0000000000000000       0x34 ./src/crp.o
 .debug_line    0x0000000000000000       0xb5 ./src/crp.o
 .debug_str     0x0000000000000000     0x2d29 ./src/crp.o
 .comment       0x0000000000000000       0x4a ./src/crp.o
 .ARM.attributes
                0x0000000000000000       0x31 ./src/crp.o
 .group         0x0000000000000000        0xc ./src/delay.o
 .group         0x0000000000000000        0xc ./src/delay.o
 .group         0x0000000000000000        0xc ./src/delay.o
 .group         0x0000000000000000        0xc ./src/delay.o
 .group         0x0000000000000000        0xc ./src/delay.o
 .group         0x0000000000000000        0xc ./src/delay.o
 .group         0x0000000000000000        0xc ./src/delay.o
 .group         0x0000000000000000        0xc ./src/delay.o
 .group         0x0000000000000000        0xc ./src/delay.o
 .text          0x0000000000000000        0x0 ./src/delay.o
 .data          0x0000000000000000        0x0 ./src/delay.o
 .bss           0x0000000000000000        0x0 ./src/delay.o
 .debug_macro   0x0000000000000000      0xa66 ./src/delay.o
 .debug_macro   0x0000000000000000       0x1c ./src/delay.o
 .debug_macro   0x0000000000000000       0x3a ./src/delay.o
 .debug_macro   0x0000000000000000       0x10 ./src/delay.o
 .debug_macro   0x0000000000000000      0x12e ./src/delay.o
 .debug_macro   0x0000000000000000      0x5b3 ./src/delay.o
 .debug_macro   0x0000000000000000       0x1f ./src/delay.o
 .debug_macro   0x0000000000000000      0x242 ./src/delay.o
 .debug_macro   0x0000000000000000      0x131 ./src/delay.o
 .group         0x0000000000000000        0xc ./hd44780/hd44780.o
 .group         0x0000000000000000        0xc ./hd44780/hd44780.o
 .group         0x0000000000000000        0xc ./hd44780/hd44780.o
 .group         0x0000000000000000        0xc ./hd44780/hd44780.o
 .group         0x0000000000000000        0xc ./hd44780/hd44780.o
 .group         0x0000000000000000        0xc ./hd44780/hd44780.o
 .group         0x0000000000000000        0xc ./hd44780/hd44780.o
 .group         0x0000000000000000        0xc ./hd44780/hd44780.o
 .group         0x0000000000000000        0xc ./hd44780/hd44780.o
 .group         0x0000000000000000        0xc ./hd44780/hd44780.o
 .group         0x0000000000000000        0xc ./hd44780/hd44780.o
 .text          0x0000000000000000        0x0 ./hd44780/hd44780.o
 .data          0x0000000000000000        0x0 ./hd44780/hd44780.o
 .bss           0x0000000000000000        0x0 ./hd44780/hd44780.o
 .text.lcd_char
                0x0000000000000000       0x3c ./hd44780/hd44780.o
 .text.lcd_int  0x0000000000000000       0x26 ./hd44780/hd44780.o
 .text.lcd_locate
                0x0000000000000000       0x4e ./hd44780/hd44780.o
 .debug_macro   0x0000000000000000      0xa66 ./hd44780/hd44780.o
 .debug_macro   0x0000000000000000       0x1c ./hd44780/hd44780.o
 .debug_macro   0x0000000000000000       0x3a ./hd44780/hd44780.o
 .debug_macro   0x0000000000000000       0x10 ./hd44780/hd44780.o
 .debug_macro   0x0000000000000000      0x12e ./hd44780/hd44780.o
 .debug_macro   0x0000000000000000      0x5b3 ./hd44780/hd44780.o
 .debug_macro   0x0000000000000000       0x1f ./hd44780/hd44780.o
 .debug_macro   0x0000000000000000      0x242 ./hd44780/hd44780.o
 .debug_macro   0x0000000000000000      0x131 ./hd44780/hd44780.o
 .group         0x0000000000000000        0xc /home/badman/Programowanie/LPC1114_MCU/CMSIS_CORE_LPC11xx/Debug/libCMSIS_CORE_LPC11xx.a(system_LPC11xx.o)
 .group         0x0000000000000000        0xc /home/badman/Programowanie/LPC1114_MCU/CMSIS_CORE_LPC11xx/Debug/libCMSIS_CORE_LPC11xx.a(system_LPC11xx.o)
 .group         0x0000000000000000        0xc /home/badman/Programowanie/LPC1114_MCU/CMSIS_CORE_LPC11xx/Debug/libCMSIS_CORE_LPC11xx.a(system_LPC11xx.o)
 .group         0x0000000000000000        0xc /home/badman/Programowanie/LPC1114_MCU/CMSIS_CORE_LPC11xx/Debug/libCMSIS_CORE_LPC11xx.a(system_LPC11xx.o)
 .group         0x0000000000000000        0xc /home/badman/Programowanie/LPC1114_MCU/CMSIS_CORE_LPC11xx/Debug/libCMSIS_CORE_LPC11xx.a(system_LPC11xx.o)
 .group         0x0000000000000000        0xc /home/badman/Programowanie/LPC1114_MCU/CMSIS_CORE_LPC11xx/Debug/libCMSIS_CORE_LPC11xx.a(system_LPC11xx.o)
 .group         0x0000000000000000        0xc /home/badman/Programowanie/LPC1114_MCU/CMSIS_CORE_LPC11xx/Debug/libCMSIS_CORE_LPC11xx.a(system_LPC11xx.o)
 .group         0x0000000000000000        0xc /home/badman/Programowanie/LPC1114_MCU/CMSIS_CORE_LPC11xx/Debug/libCMSIS_CORE_LPC11xx.a(system_LPC11xx.o)
 .group         0x0000000000000000        0xc /home/badman/Programowanie/LPC1114_MCU/CMSIS_CORE_LPC11xx/Debug/libCMSIS_CORE_LPC11xx.a(system_LPC11xx.o)
 .text          0x0000000000000000        0x0 /home/badman/Programowanie/LPC1114_MCU/CMSIS_CORE_LPC11xx/Debug/libCMSIS_CORE_LPC11xx.a(system_LPC11xx.o)
 .data          0x0000000000000000        0x0 /home/badman/Programowanie/LPC1114_MCU/CMSIS_CORE_LPC11xx/Debug/libCMSIS_CORE_LPC11xx.a(system_LPC11xx.o)
 .bss           0x0000000000000000        0x0 /home/badman/Programowanie/LPC1114_MCU/CMSIS_CORE_LPC11xx/Debug/libCMSIS_CORE_LPC11xx.a(system_LPC11xx.o)
 .text.SystemCoreClockUpdate
                0x0000000000000000       0xb4 /home/badman/Programowanie/LPC1114_MCU/CMSIS_CORE_LPC11xx/Debug/libCMSIS_CORE_LPC11xx.a(system_LPC11xx.o)
 .rodata.CSWTCH.3
                0x0000000000000000       0x3c /home/badman/Programowanie/LPC1114_MCU/CMSIS_CORE_LPC11xx/Debug/libCMSIS_CORE_LPC11xx.a(system_LPC11xx.o)
 .debug_macro   0x0000000000000000       0x10 /home/badman/Programowanie/LPC1114_MCU/CMSIS_CORE_LPC11xx/Debug/libCMSIS_CORE_LPC11xx.a(system_LPC11xx.o)
 .debug_macro   0x0000000000000000      0x12e /home/badman/Programowanie/LPC1114_MCU/CMSIS_CORE_LPC11xx/Debug/libCMSIS_CORE_LPC11xx.a(system_LPC11xx.o)
 .debug_macro   0x0000000000000000      0x5b3 /home/badman/Programowanie/LPC1114_MCU/CMSIS_CORE_LPC11xx/Debug/libCMSIS_CORE_LPC11xx.a(system_LPC11xx.o)
 .debug_macro   0x0000000000000000       0x1c /home/badman/Programowanie/LPC1114_MCU/CMSIS_CORE_LPC11xx/Debug/libCMSIS_CORE_LPC11xx.a(system_LPC11xx.o)
 .debug_macro   0x0000000000000000       0x3a /home/badman/Programowanie/LPC1114_MCU/CMSIS_CORE_LPC11xx/Debug/libCMSIS_CORE_LPC11xx.a(system_LPC11xx.o)
 .debug_macro   0x0000000000000000       0x1f /home/badman/Programowanie/LPC1114_MCU/CMSIS_CORE_LPC11xx/Debug/libCMSIS_CORE_LPC11xx.a(system_LPC11xx.o)
 .debug_macro   0x0000000000000000      0x242 /home/badman/Programowanie/LPC1114_MCU/CMSIS_CORE_LPC11xx/Debug/libCMSIS_CORE_LPC11xx.a(system_LPC11xx.o)
 .debug_macro   0x0000000000000000      0x131 /home/badman/Programowanie/LPC1114_MCU/CMSIS_CORE_LPC11xx/Debug/libCMSIS_CORE_LPC11xx.a(system_LPC11xx.o)
 .text          0x0000000000000000        0x0 /usr/local/mcuxpressoide-11.5.1_7266/ide/plugins/com.nxp.mcuxpresso.tools.linux_11.5.1.202201181444/tools/bin/../lib/gcc/arm-none-eabi/10.3.1/../../../../arm-none-eabi/lib/thumb/v6-m/nofp/libcr_c.a(__weak__main.o)
 .data          0x0000000000000000        0x0 /usr/local/mcuxpressoide-11.5.1_7266/ide/plugins/com.nxp.mcuxpresso.tools.linux_11.5.1.202201181444/tools/bin/../lib/gcc/arm-none-eabi/10.3.1/../../../../arm-none-eabi/lib/thumb/v6-m/nofp/libcr_c.a(__weak__main.o)
 .bss           0x0000000000000000        0x0 /usr/local/mcuxpressoide-11.5.1_7266/ide/plugins/com.nxp.mcuxpresso.tools.linux_11.5.1.202201181444/tools/bin/../lib/gcc/arm-none-eabi/10.3.1/../../../../arm-none-eabi/lib/thumb/v6-m/nofp/libcr_c.a(__weak__main.o)
 .text          0x0000000000000000        0x0 /usr/local/mcuxpressoide-11.5.1_7266/ide/plugins/com.nxp.mcuxpresso.tools.linux_11.5.1.202201181444/tools/bin/../lib/gcc/arm-none-eabi/10.3.1/../../../../arm-none-eabi/lib/thumb/v6-m/nofp/libcr_c.a(itoa.o)
 .data          0x0000000000000000        0x0 /usr/local/mcuxpressoide-11.5.1_7266/ide/plugins/com.nxp.mcuxpresso.tools.linux_11.5.1.202201181444/tools/bin/../lib/gcc/arm-none-eabi/10.3.1/../../../../arm-none-eabi/lib/thumb/v6-m/nofp/libcr_c.a(itoa.o)
 .bss           0x0000000000000000        0x0 /usr/local/mcuxpressoide-11.5.1_7266/ide/plugins/com.nxp.mcuxpresso.tools.linux_11.5.1.202201181444/tools/bin/../lib/gcc/arm-none-eabi/10.3.1/../../../../arm-none-eabi/lib/thumb/v6-m/nofp/libcr_c.a(itoa.o)
 .text.uitoa    0x0000000000000000       0x48 /usr/local/mcuxpressoide-11.5.1_7266/ide/plugins/com.nxp.mcuxpresso.tools.linux_11.5.1.202201181444/tools/bin/../lib/gcc/arm-none-eabi/10.3.1/../../../../arm-none-eabi/lib/thumb/v6-m/nofp/libcr_c.a(itoa.o)
 .text.itoa     0x0000000000000000       0x60 /usr/local/mcuxpressoide-11.5.1_7266/ide/plugins/com.nxp.mcuxpresso.tools.linux_11.5.1.202201181444/tools/bin/../lib/gcc/arm-none-eabi/10.3.1/../../../../arm-none-eabi/lib/thumb/v6-m/nofp/libcr_c.a(itoa.o)
 .rodata.digits
                0x0000000000000000       0x11 /usr/local/mcuxpressoide-11.5.1_7266/ide/plugins/com.nxp.mcuxpresso.tools.linux_11.5.1.202201181444/tools/bin/../lib/gcc/arm-none-eabi/10.3.1/../../../../arm-none-eabi/lib/thumb/v6-m/nofp/libcr_c.a(itoa.o)
 .comment       0x0000000000000000       0x4a /usr/local/mcuxpressoide-11.5.1_7266/ide/plugins/com.nxp.mcuxpresso.tools.linux_11.5.1.202201181444/tools/bin/../lib/gcc/arm-none-eabi/10.3.1/../../../../arm-none-eabi/lib/thumb/v6-m/nofp/libcr_c.a(itoa.o)
 .ARM.attributes
                0x0000000000000000       0x2c /usr/local/mcuxpressoide-11.5.1_7266/ide/plugins/com.nxp.mcuxpresso.tools.linux_11.5.1.202201181444/tools/bin/../lib/gcc/arm-none-eabi/10.3.1/../../../../arm-none-eabi/lib/thumb/v6-m/nofp/libcr_c.a(itoa.o)
 .text          0x0000000000000000        0x0 /usr/local/mcuxpressoide-11.5.1_7266/ide/plugins/com.nxp.mcuxpresso.tools.linux_11.5.1.202201181444/tools/bin/../lib/gcc/arm-none-eabi/10.3.1/thumb/v6-m/nofp/libcr_eabihelpers.a(division_32.o)
 .data          0x0000000000000000        0x0 /usr/local/mcuxpressoide-11.5.1_7266/ide/plugins/com.nxp.mcuxpresso.tools.linux_11.5.1.202201181444/tools/bin/../lib/gcc/arm-none-eabi/10.3.1/thumb/v6-m/nofp/libcr_eabihelpers.a(division_32.o)
 .bss           0x0000000000000000        0x0 /usr/local/mcuxpressoide-11.5.1_7266/ide/plugins/com.nxp.mcuxpresso.tools.linux_11.5.1.202201181444/tools/bin/../lib/gcc/arm-none-eabi/10.3.1/thumb/v6-m/nofp/libcr_eabihelpers.a(division_32.o)
 .text          0x0000000000000000        0x0 /usr/local/mcuxpressoide-11.5.1_7266/ide/plugins/com.nxp.mcuxpresso.tools.linux_11.5.1.202201181444/tools/bin/../lib/gcc/arm-none-eabi/10.3.1/thumb/v6-m/nofp/libcr_eabihelpers.a(division_idiv0.o)
 .data          0x0000000000000000        0x0 /usr/local/mcuxpressoide-11.5.1_7266/ide/plugins/com.nxp.mcuxpresso.tools.linux_11.5.1.202201181444/tools/bin/../lib/gcc/arm-none-eabi/10.3.1/thumb/v6-m/nofp/libcr_eabihelpers.a(division_idiv0.o)
 .bss           0x0000000000000000        0x0 /usr/local/mcuxpressoide-11.5.1_7266/ide/plugins/com.nxp.mcuxpresso.tools.linux_11.5.1.202201181444/tools/bin/../lib/gcc/arm-none-eabi/10.3.1/thumb/v6-m/nofp/libcr_eabihelpers.a(division_idiv0.o)

Memory Configuration

Name             Origin             Length             Attributes
MFlash32         0x0000000000000000 0x0000000000008000 xr
RamLoc8          0x0000000010000000 0x0000000000002000 xrw
*default*        0x0000000000000000 0xffffffffffffffff

Linker script and memory map

LOAD ./src/WYS_HD44780.o
LOAD ./src/cr_startup_lpc11xx.o
LOAD ./src/crp.o
LOAD ./src/delay.o
LOAD ./hd44780/hd44780.o
LOAD /home/badman/Programowanie/LPC1114_MCU/CMSIS_CORE_LPC11xx/Debug/libCMSIS_CORE_LPC11xx.a
START GROUP
LOAD /usr/local/mcuxpressoide-11.5.1_7266/ide/plugins/com.nxp.mcuxpresso.tools.linux_11.5.1.202201181444/tools/bin/../lib/gcc/arm-none-eabi/10.3.1/../../../../arm-none-eabi/lib/thumb/v6-m/nofp/libcr_c.a
LOAD /usr/local/mcuxpressoide-11.5.1_7266/ide/plugins/com.nxp.mcuxpresso.tools.linux_11.5.1.202201181444/tools/bin/../lib/gcc/arm-none-eabi/10.3.1/thumb/v6-m/nofp/libcr_eabihelpers.a
LOAD /usr/local/mcuxpressoide-11.5.1_7266/ide/plugins/com.nxp.mcuxpresso.tools.linux_11.5.1.202201181444/tools/bin/../lib/gcc/arm-none-eabi/10.3.1/thumb/v6-m/nofp/libgcc.a
END GROUP
                0x0000000000000000                __base_MFlash32 = 0x0
                0x0000000000000000                __base_Flash = 0x0
                0x0000000000008000                __top_MFlash32 = 0x8000
                0x0000000000008000                __top_Flash = 0x8000
                0x0000000010000000                __base_RamLoc8 = 0x10000000
                0x0000000010000000                __base_RAM = 0x10000000
                0x0000000010002000                __top_RamLoc8 = 0x10002000
                0x0000000010002000                __top_RAM = 0x10002000

.text           0x0000000000000000      0x760
 FILL mask 0xff
                0x0000000000000000                __vectors_start__ = ABSOLUTE (.)
 *(.isr_vector)
 .isr_vector    0x0000000000000000       0xc0 ./src/cr_startup_lpc11xx.o
                0x0000000000000000                g_pfnVectors
                0x00000000000000c0                . = ALIGN (0x4)
                0x00000000000000c0                __section_table_start = .
                0x00000000000000c0                __data_section_table = .
                0x00000000000000c0        0x4 LONG 0x760 LOADADDR (.data)
                0x00000000000000c4        0x4 LONG 0x10000000 ADDR (.data)
                0x00000000000000c8        0x4 LONG 0x4 SIZEOF (.data)
                0x00000000000000cc                __data_section_table_end = .
                0x00000000000000cc                __bss_section_table = .
                0x00000000000000cc        0x4 LONG 0x10000004 ADDR (.bss)
                0x00000000000000d0        0x4 LONG 0x0 SIZEOF (.bss)
                0x00000000000000d4                __bss_section_table_end = .
                0x00000000000000d4                __section_table_end = .
 *(.after_vectors*)
 .after_vectors
                0x00000000000000d4      0x11c ./src/cr_startup_lpc11xx.o
                0x00000000000000d4                data_init
                0x0000000000000116                bss_init
                0x000000000000014c                ResetISR
                0x00000000000001cc                NMI_Handler
                0x00000000000001d2                HardFault_Handler
                0x00000000000001d8                SVC_Handler
                0x00000000000001de                PendSV_Handler
                0x00000000000001e4                SysTick_Handler
                0x00000000000001ea                TIMER16_0_IRQHandler
                0x00000000000001ea                UART_IRQHandler
                0x00000000000001ea                TIMER32_0_IRQHandler
                0x00000000000001ea                TIMER32_1_IRQHandler
                0x00000000000001ea                IntDefaultHandler
                0x00000000000001ea                PIOINT1_IRQHandler
                0x00000000000001ea                CAN_IRQHandler
                0x00000000000001ea                SSP0_IRQHandler
                0x00000000000001ea                TIMER16_1_IRQHandler
                0x00000000000001ea                ADC_IRQHandler
                0x00000000000001ea                SSP1_IRQHandler
                0x00000000000001ea                PIOINT2_IRQHandler
                0x00000000000001ea                BOD_IRQHandler
                0x00000000000001ea                WAKEUP_IRQHandler
                0x00000000000001ea                PIOINT0_IRQHandler
                0x00000000000001ea                I2C_IRQHandler
                0x00000000000001ea                WDT_IRQHandler
                0x00000000000001ea                PIOINT3_IRQHandler
 *(.text*)
 .text.main     0x00000000000001f0       0x18 ./src/WYS_HD44780.o
                0x00000000000001f0                main
 .text.delay_Us
                0x0000000000000208       0x70 ./src/delay.o
                0x0000000000000208                delay_Us
 .text.delay_Ms
                0x0000000000000278       0x70 ./src/delay.o
                0x0000000000000278                delay_Ms
 .text.data_dir_out
                0x00000000000002e8       0x60 ./hd44780/hd44780.o
 .text.lcd_sendHalf
                0x0000000000000348       0xcc ./hd44780/hd44780.o
 .text.lcd_write_byte
                0x0000000000000414       0x80 ./hd44780/hd44780.o
                0x0000000000000414                lcd_write_byte
 .text.lcd_write_cmd
                0x0000000000000494       0x38 ./hd44780/hd44780.o
                0x0000000000000494                lcd_write_cmd
 .text.lcd_write_data
                0x00000000000004cc       0x38 ./hd44780/hd44780.o
                0x00000000000004cc                lcd_write_data
 .text.lcd_str  0x0000000000000504       0x56 ./hd44780/hd44780.o
                0x0000000000000504                lcd_str
 .text.lcd_cls  0x000000000000055a       0x16 ./hd44780/hd44780.o
                0x000000000000055a                lcd_cls
 .text.lcd_init
                0x0000000000000570       0xdc ./hd44780/hd44780.o
                0x0000000000000570                lcd_init
 .text.SystemInit
                0x000000000000064c       0x88 /home/badman/Programowanie/LPC1114_MCU/CMSIS_CORE_LPC11xx/Debug/libCMSIS_CORE_LPC11xx.a(system_LPC11xx.o)
                0x000000000000064c                SystemInit
 .text.__weak_main
                0x00000000000006d4        0x8 /usr/local/mcuxpressoide-11.5.1_7266/ide/plugins/com.nxp.mcuxpresso.tools.linux_11.5.1.202201181444/tools/bin/../lib/gcc/arm-none-eabi/10.3.1/../../../../arm-none-eabi/lib/thumb/v6-m/nofp/libcr_c.a(__weak__main.o)
                0x00000000000006d4                __main
                0x00000000000006d4                __weak_main
 .text.__aeabi_division_idivmod
                0x00000000000006dc       0x78 /usr/local/mcuxpressoide-11.5.1_7266/ide/plugins/com.nxp.mcuxpresso.tools.linux_11.5.1.202201181444/tools/bin/../lib/gcc/arm-none-eabi/10.3.1/thumb/v6-m/nofp/libcr_eabihelpers.a(division_32.o)
                0x00000000000006dc                __aeabi_idiv
                0x00000000000006dc                __aeabi_idivmod
                0x00000000000006e2                __aeabi_uidiv
                0x00000000000006e2                __aeabi_uidivmod
 .text.__aeabi_division_idiv0
                0x0000000000000754        0x2 /usr/local/mcuxpressoide-11.5.1_7266/ide/plugins/com.nxp.mcuxpresso.tools.linux_11.5.1.202201181444/tools/bin/../lib/gcc/arm-none-eabi/10.3.1/thumb/v6-m/nofp/libcr_eabihelpers.a(division_idiv0.o)
                0x0000000000000754                __aeabi_idiv0
 *(.rodata .rodata.* .constdata .constdata.*)
 *fill*         0x0000000000000756        0x2 ff
 .rodata.main.str1.4
                0x0000000000000758        0x6 ./src/WYS_HD44780.o
                0x0000000000000760                . = ALIGN (0x4)
 *fill*         0x000000000000075e        0x2 ff

.glue_7         0x0000000000000760        0x0
 .glue_7        0x0000000000000760        0x0 linker stubs

.glue_7t        0x0000000000000760        0x0
 .glue_7t       0x0000000000000760        0x0 linker stubs

.vfp11_veneer   0x0000000000000760        0x0
 .vfp11_veneer  0x0000000000000760        0x0 linker stubs

.v4_bx          0x0000000000000760        0x0
 .v4_bx         0x0000000000000760        0x0 linker stubs

.iplt           0x0000000000000760        0x0
 .iplt          0x0000000000000760        0x0 ./src/WYS_HD44780.o

.rel.dyn        0x0000000000000760        0x0
 .rel.iplt      0x0000000000000760        0x0 ./src/WYS_HD44780.o

.ARM.extab
 *(.ARM.extab* .gnu.linkonce.armextab.*)

.ARM.exidx      0x0000000000000760        0x0
                0x0000000000000760                __exidx_start = .
 *(.ARM.exidx* .gnu.linkonce.armexidx.*)
                0x0000000000000760                __exidx_end = .
                0x0000000000000760                _etext = .

.uninit_RESERVED
                0x0000000010000000        0x0
                0x0000000010000000                _start_uninit_RESERVED = .
 *(.bss.$RESERVED*)
                0x0000000010000000                . = ALIGN (0x4)
                0x0000000010000000                _end_uninit_RESERVED = .

.data           0x0000000010000000        0x4 load address 0x0000000000000760
 FILL mask 0xff
                0x0000000010000000                _data = .
                [!provide]                        PROVIDE (__start_data_RAM = .)
                [!provide]                        PROVIDE (__start_data_RamLoc8 = .)
 *(vtable)
 *(.ramfunc*)
 *(CodeQuickAccess)
 *(DataQuickAccess)
 *(RamFunction)
 *(.data*)
 .data.SystemCoreClock
                0x0000000010000000        0x4 /home/badman/Programowanie/LPC1114_MCU/CMSIS_CORE_LPC11xx/Debug/libCMSIS_CORE_LPC11xx.a(system_LPC11xx.o)
                0x0000000010000000                SystemCoreClock
                0x0000000010000004                . = ALIGN (0x4)
                0x0000000010000004                _edata = .
                [!provide]                        PROVIDE (__end_data_RAM = .)
                [!provide]                        PROVIDE (__end_data_RamLoc8 = .)

.igot.plt       0x0000000010000004        0x0 load address 0x0000000000000764
 .igot.plt      0x0000000010000004        0x0 ./src/WYS_HD44780.o

.bss            0x0000000010000004        0x0
                0x0000000010000004                _bss = .
                [!provide]                        PROVIDE (__start_bss_RAM = .)
                [!provide]                        PROVIDE (__start_bss_RamLoc8 = .)
 *(.bss*)
 *(COMMON)
                0x0000000010000004                . = ALIGN (0x4)
                0x0000000010000004                _ebss = .
                [!provide]                        PROVIDE (__end_bss_RAM = .)
                [!provide]                        PROVIDE (__end_bss_RamLoc8 = .)
                [!provide]                        PROVIDE (end = .)

.noinit         0x0000000010000004        0x0
                0x0000000010000004                _noinit = .
                [!provide]                        PROVIDE (__start_noinit_RAM = .)
                [!provide]                        PROVIDE (__start_noinit_RamLoc8 = .)
 *(.noinit*)
                0x0000000010000004                . = ALIGN (0x4)
                0x0000000010000004                _end_noinit = .
                [!provide]                        PROVIDE (__end_noinit_RAM = .)
                [!provide]                        PROVIDE (__end_noinit_RamLoc8 = .)
                [!provide]                        PROVIDE (_pvHeapStart = DEFINED (__user_heap_base)?__user_heap_base:.)
                0x0000000010002000                PROVIDE (_vStackTop = DEFINED (__user_stack_top)?__user_stack_top:(__top_RamLoc8 - 0x0))
                0xffffffffefffdb13                PROVIDE (__valid_user_code_checksum = (0x0 - (((_vStackTop + (ResetISR + 0x1)) + (DEFINED (NMI_Handler)?NMI_Handler:M0_NMI_Handler + 0x1)) + (DEFINED (HardFault_Handler)?HardFault_Handler:M0_HardFault_Handler + 0x1))))
                0x0000000000000000                _image_start = LOADADDR (.text)
                0x0000000000000764                _image_end = (LOADADDR (.data) + SIZEOF (.data))
                0x0000000000000764                _image_size = (_image_end - _image_start)
OUTPUT(WYS_HD44780.axf elf32-littlearm)
LOAD linker stubs

.debug_info     0x0000000000000000     0x13fc
 .debug_info    0x0000000000000000       0x86 ./src/WYS_HD44780.o
 .debug_info    0x0000000000000086      0x22e ./src/cr_startup_lpc11xx.o
 .debug_info    0x00000000000002b4      0x591 ./src/delay.o
 .debug_info    0x0000000000000845      0x6f8 ./hd44780/hd44780.o
 .debug_info    0x0000000000000f3d      0x4bf /home/badman/Programowanie/LPC1114_MCU/CMSIS_CORE_LPC11xx/Debug/libCMSIS_CORE_LPC11xx.a(system_LPC11xx.o)

.debug_abbrev   0x0000000000000000      0x59e
 .debug_abbrev  0x0000000000000000       0x49 ./src/WYS_HD44780.o
 .debug_abbrev  0x0000000000000049      0x111 ./src/cr_startup_lpc11xx.o
 .debug_abbrev  0x000000000000015a      0x127 ./src/delay.o
 .debug_abbrev  0x0000000000000281      0x1eb ./hd44780/hd44780.o
 .debug_abbrev  0x000000000000046c      0x132 /home/badman/Programowanie/LPC1114_MCU/CMSIS_CORE_LPC11xx/Debug/libCMSIS_CORE_LPC11xx.a(system_LPC11xx.o)

.debug_aranges  0x0000000000000000      0x140
 .debug_aranges
                0x0000000000000000       0x20 ./src/WYS_HD44780.o
 .debug_aranges
                0x0000000000000020       0x60 ./src/cr_startup_lpc11xx.o
 .debug_aranges
                0x0000000000000080       0x28 ./src/delay.o
 .debug_aranges
                0x00000000000000a8       0x70 ./hd44780/hd44780.o
 .debug_aranges
                0x0000000000000118       0x28 /home/badman/Programowanie/LPC1114_MCU/CMSIS_CORE_LPC11xx/Debug/libCMSIS_CORE_LPC11xx.a(system_LPC11xx.o)

.debug_ranges   0x0000000000000000       0xf0
 .debug_ranges  0x0000000000000000       0x10 ./src/WYS_HD44780.o
 .debug_ranges  0x0000000000000010       0x50 ./src/cr_startup_lpc11xx.o
 .debug_ranges  0x0000000000000060       0x18 ./src/delay.o
 .debug_ranges  0x0000000000000078       0x60 ./hd44780/hd44780.o
 .debug_ranges  0x00000000000000d8       0x18 /home/badman/Programowanie/LPC1114_MCU/CMSIS_CORE_LPC11xx/Debug/libCMSIS_CORE_LPC11xx.a(system_LPC11xx.o)

.debug_macro    0x0000000000000000     0x2550
 .debug_macro   0x0000000000000000       0x7f ./src/WYS_HD44780.o
 .debug_macro   0x000000000000007f      0xa66 ./src/WYS_HD44780.o
 .debug_macro   0x0000000000000ae5       0x1c ./src/WYS_HD44780.o
 .debug_macro   0x0000000000000b01       0x3a ./src/WYS_HD44780.o
 .debug_macro   0x0000000000000b3b       0x10 ./src/WYS_HD44780.o
 .debug_macro   0x0000000000000b4b      0x12e ./src/WYS_HD44780.o
 .debug_macro   0x0000000000000c79      0x5b3 ./src/WYS_HD44780.o
 .debug_macro   0x000000000000122c       0x1f ./src/WYS_HD44780.o
 .debug_macro   0x000000000000124b      0x242 ./src/WYS_HD44780.o
 .debug_macro   0x000000000000148d      0x131 ./src/WYS_HD44780.o
 .debug_macro   0x00000000000015be      0x148 ./src/WYS_HD44780.o
 .debug_macro   0x0000000000001706       0x1d ./src/cr_startup_lpc11xx.o
 .debug_macro   0x0000000000001723       0x82 ./src/delay.o
 .debug_macro   0x00000000000017a5       0xbe ./hd44780/hd44780.o
 .debug_macro   0x0000000000001863      0x142 ./hd44780/hd44780.o
 .debug_macro   0x00000000000019a5       0x10 ./hd44780/hd44780.o
 .debug_macro   0x00000000000019b5      0x13b /home/badman/Programowanie/LPC1114_MCU/CMSIS_CORE_LPC11xx/Debug/libCMSIS_CORE_LPC11xx.a(system_LPC11xx.o)
 .debug_macro   0x0000000000001af0      0xa60 /home/badman/Programowanie/LPC1114_MCU/CMSIS_CORE_LPC11xx/Debug/libCMSIS_CORE_LPC11xx.a(system_LPC11xx.o)

.debug_line     0x0000000000000000      0xe28
 .debug_line    0x0000000000000000      0x261 ./src/WYS_HD44780.o
 .debug_line    0x0000000000000261      0x135 ./src/cr_startup_lpc11xx.o
 .debug_line    0x0000000000000396      0x298 ./src/delay.o
 .debug_line    0x000000000000062e      0x3d6 ./hd44780/hd44780.o
 .debug_line    0x0000000000000a04      0x424 /home/badman/Programowanie/LPC1114_MCU/CMSIS_CORE_LPC11xx/Debug/libCMSIS_CORE_LPC11xx.a(system_LPC11xx.o)

.debug_str      0x0000000000000000     0x67b4
 .debug_str     0x0000000000000000     0x5be2 ./src/WYS_HD44780.o
                                       0x5c5b (size before relaxing)
 .debug_str     0x0000000000005be2      0x178 ./src/cr_startup_lpc11xx.o
                                       0x2dbe (size before relaxing)
 .debug_str     0x0000000000005d5a      0x34f ./src/delay.o
                                       0x5c78 (size before relaxing)
 .debug_str     0x00000000000060a9      0x25f ./hd44780/hd44780.o
                                       0x610a (size before relaxing)
 .debug_str     0x0000000000006308      0x4ac /home/badman/Programowanie/LPC1114_MCU/CMSIS_CORE_LPC11xx/Debug/libCMSIS_CORE_LPC11xx.a(system_LPC11xx.o)
                                       0x5f11 (size before relaxing)

.comment        0x0000000000000000       0x49
 .comment       0x0000000000000000       0x49 ./src/WYS_HD44780.o
                                         0x4a (size before relaxing)
 .comment       0x0000000000000049       0x4a ./src/cr_startup_lpc11xx.o
 .comment       0x0000000000000049       0x4a ./src/delay.o
 .comment       0x0000000000000049       0x4a ./hd44780/hd44780.o
 .comment       0x0000000000000049       0x4a /home/badman/Programowanie/LPC1114_MCU/CMSIS_CORE_LPC11xx/Debug/libCMSIS_CORE_LPC11xx.a(system_LPC11xx.o)
 .comment       0x0000000000000049       0x4a /usr/local/mcuxpressoide-11.5.1_7266/ide/plugins/com.nxp.mcuxpresso.tools.linux_11.5.1.202201181444/tools/bin/../lib/gcc/arm-none-eabi/10.3.1/../../../../arm-none-eabi/lib/thumb/v6-m/nofp/libcr_c.a(__weak__main.o)

.ARM.attributes
                0x0000000000000000       0x2a
 .ARM.attributes
                0x0000000000000000       0x2c ./src/WYS_HD44780.o
 .ARM.attributes
                0x000000000000002c       0x2c ./src/cr_startup_lpc11xx.o
 .ARM.attributes
                0x0000000000000058       0x2c ./src/delay.o
 .ARM.attributes
                0x0000000000000084       0x2c ./hd44780/hd44780.o
 .ARM.attributes
                0x00000000000000b0       0x2c /home/badman/Programowanie/LPC1114_MCU/CMSIS_CORE_LPC11xx/Debug/libCMSIS_CORE_LPC11xx.a(system_LPC11xx.o)
 .ARM.attributes
                0x00000000000000dc       0x2c /usr/local/mcuxpressoide-11.5.1_7266/ide/plugins/com.nxp.mcuxpresso.tools.linux_11.5.1.202201181444/tools/bin/../lib/gcc/arm-none-eabi/10.3.1/../../../../arm-none-eabi/lib/thumb/v6-m/nofp/libcr_c.a(__weak__main.o)
 .ARM.attributes
                0x0000000000000108       0x1c /usr/local/mcuxpressoide-11.5.1_7266/ide/plugins/com.nxp.mcuxpresso.tools.linux_11.5.1.202201181444/tools/bin/../lib/gcc/arm-none-eabi/10.3.1/thumb/v6-m/nofp/libcr_eabihelpers.a(division_32.o)
 .ARM.attributes
                0x0000000000000124       0x1c /usr/local/mcuxpressoide-11.5.1_7266/ide/plugins/com.nxp.mcuxpresso.tools.linux_11.5.1.202201181444/tools/bin/../lib/gcc/arm-none-eabi/10.3.1/thumb/v6-m/nofp/libcr_eabihelpers.a(division_idiv0.o)

.debug_frame    0x0000000000000000      0x334
 .debug_frame   0x0000000000000000       0x2c ./src/WYS_HD44780.o
 .debug_frame   0x000000000000002c      0x118 ./src/cr_startup_lpc11xx.o
 .debug_frame   0x0000000000000144       0x50 ./src/delay.o
 .debug_frame   0x0000000000000194      0x164 ./hd44780/hd44780.o
 .debug_frame   0x00000000000002f8       0x3c /home/badman/Programowanie/LPC1114_MCU/CMSIS_CORE_LPC11xx/Debug/libCMSIS_CORE_LPC11xx.a(system_LPC11xx.o)

.debug_loc      0x0000000000000000       0xb1
 .debug_loc     0x0000000000000000       0xb1 /home/badman/Programowanie/LPC1114_MCU/CMSIS_CORE_LPC11xx/Debug/libCMSIS_CORE_LPC11xx.a(system_LPC11xx.o)

Cross Reference Table

Symbol                                            File
ADC_IRQHandler                                    ./src/cr_startup_lpc11xx.o
BOD_IRQHandler                                    ./src/cr_startup_lpc11xx.o
CAN_IRQHandler                                    ./src/cr_startup_lpc11xx.o
CRP_WORD                                          ./src/crp.o
HardFault_Handler                                 ./src/cr_startup_lpc11xx.o
I2C_IRQHandler                                    ./src/cr_startup_lpc11xx.o
IntDefaultHandler                                 ./src/cr_startup_lpc11xx.o
NMI_Handler                                       ./src/cr_startup_lpc11xx.o
PIOINT0_IRQHandler                                ./src/cr_startup_lpc11xx.o
PIOINT1_IRQHandler                                ./src/cr_startup_lpc11xx.o
PIOINT2_IRQHandler                                ./src/cr_startup_lpc11xx.o
PIOINT3_IRQHandler                                ./src/cr_startup_lpc11xx.o
PendSV_Handler                                    ./src/cr_startup_lpc11xx.o
ResetISR                                          ./src/cr_startup_lpc11xx.o
SSP0_IRQHandler                                   ./src/cr_startup_lpc11xx.o
SSP1_IRQHandler                                   ./src/cr_startup_lpc11xx.o
SVC_Handler                                       ./src/cr_startup_lpc11xx.o
SysTick_Handler                                   ./src/cr_startup_lpc11xx.o
SystemCoreClock                                   /home/badman/Programowanie/LPC1114_MCU/CMSIS_CORE_LPC11xx/Debug/libCMSIS_CORE_LPC11xx.a(system_LPC11xx.o)
                                                  ./src/delay.o
SystemCoreClockUpdate                             /home/badman/Programowanie/LPC1114_MCU/CMSIS_CORE_LPC11xx/Debug/libCMSIS_CORE_LPC11xx.a(system_LPC11xx.o)
SystemInit                                        /home/badman/Programowanie/LPC1114_MCU/CMSIS_CORE_LPC11xx/Debug/libCMSIS_CORE_LPC11xx.a(system_LPC11xx.o)
                                                  ./src/cr_startup_lpc11xx.o
TIMER16_0_IRQHandler                              ./src/cr_startup_lpc11xx.o
TIMER16_1_IRQHandler                              ./src/cr_startup_lpc11xx.o
TIMER32_0_IRQHandler                              ./src/cr_startup_lpc11xx.o
TIMER32_1_IRQHandler                              ./src/cr_startup_lpc11xx.o
UART_IRQHandler                                   ./src/cr_startup_lpc11xx.o
WAKEUP_IRQHandler                                 ./src/cr_startup_lpc11xx.o
WDT_IRQHandler                                    ./src/cr_startup_lpc11xx.o
__aeabi_idiv                                      /usr/local/mcuxpressoide-11.5.1_7266/ide/plugins/com.nxp.mcuxpresso.tools.linux_11.5.1.202201181444/tools/bin/../lib/gcc/arm-none-eabi/10.3.1/thumb/v6-m/nofp/libcr_eabihelpers.a(division_32.o)
                                                  /home/badman/Programowanie/LPC1114_MCU/CMSIS_CORE_LPC11xx/Debug/libCMSIS_CORE_LPC11xx.a(system_LPC11xx.o)
__aeabi_idiv0                                     /usr/local/mcuxpressoide-11.5.1_7266/ide/plugins/com.nxp.mcuxpresso.tools.linux_11.5.1.202201181444/tools/bin/../lib/gcc/arm-none-eabi/10.3.1/thumb/v6-m/nofp/libcr_eabihelpers.a(division_idiv0.o)
                                                  /usr/local/mcuxpressoide-11.5.1_7266/ide/plugins/com.nxp.mcuxpresso.tools.linux_11.5.1.202201181444/tools/bin/../lib/gcc/arm-none-eabi/10.3.1/thumb/v6-m/nofp/libcr_eabihelpers.a(division_32.o)
__aeabi_idivmod                                   /usr/local/mcuxpressoide-11.5.1_7266/ide/plugins/com.nxp.mcuxpresso.tools.linux_11.5.1.202201181444/tools/bin/../lib/gcc/arm-none-eabi/10.3.1/thumb/v6-m/nofp/libcr_eabihelpers.a(division_32.o)
__aeabi_uidiv                                     /usr/local/mcuxpressoide-11.5.1_7266/ide/plugins/com.nxp.mcuxpresso.tools.linux_11.5.1.202201181444/tools/bin/../lib/gcc/arm-none-eabi/10.3.1/thumb/v6-m/nofp/libcr_eabihelpers.a(division_32.o)
                                                  /home/badman/Programowanie/LPC1114_MCU/CMSIS_CORE_LPC11xx/Debug/libCMSIS_CORE_LPC11xx.a(system_LPC11xx.o)
                                                  ./src/delay.o
__aeabi_uidivmod                                  /usr/local/mcuxpressoide-11.5.1_7266/ide/plugins/com.nxp.mcuxpresso.tools.linux_11.5.1.202201181444/tools/bin/../lib/gcc/arm-none-eabi/10.3.1/thumb/v6-m/nofp/libcr_eabihelpers.a(division_32.o)
                                                  /usr/local/mcuxpressoide-11.5.1_7266/ide/plugins/com.nxp.mcuxpresso.tools.linux_11.5.1.202201181444/tools/bin/../lib/gcc/arm-none-eabi/10.3.1/../../../../arm-none-eabi/lib/thumb/v6-m/nofp/libcr_c.a(itoa.o)
__bss_section_table_end                           ./src/cr_startup_lpc11xx.o
__data_section_table                              ./src/cr_startup_lpc11xx.o
__data_section_table_end                          ./src/cr_startup_lpc11xx.o
__main                                            /usr/local/mcuxpressoide-11.5.1_7266/ide/plugins/com.nxp.mcuxpresso.tools.linux_11.5.1.202201181444/tools/bin/../lib/gcc/arm-none-eabi/10.3.1/../../../../arm-none-eabi/lib/thumb/v6-m/nofp/libcr_c.a(__weak__main.o)
                                                  ./src/cr_startup_lpc11xx.o
__valid_user_code_checksum                        ./src/cr_startup_lpc11xx.o
__weak_main                                       /usr/local/mcuxpressoide-11.5.1_7266/ide/plugins/com.nxp.mcuxpresso.tools.linux_11.5.1.202201181444/tools/bin/../lib/gcc/arm-none-eabi/10.3.1/../../../../arm-none-eabi/lib/thumb/v6-m/nofp/libcr_c.a(__weak__main.o)
_vStackTop                                        ./src/cr_startup_lpc11xx.o
bss_init                                          ./src/cr_startup_lpc11xx.o
data_init                                         ./src/cr_startup_lpc11xx.o
delay_Ms                                          ./src/delay.o
                                                  ./hd44780/hd44780.o
delay_Us                                          ./src/delay.o
                                                  ./hd44780/hd44780.o
g_pfnVectors                                      ./src/cr_startup_lpc11xx.o
itoa                                              /usr/local/mcuxpressoide-11.5.1_7266/ide/plugins/com.nxp.mcuxpresso.tools.linux_11.5.1.202201181444/tools/bin/../lib/gcc/arm-none-eabi/10.3.1/../../../../arm-none-eabi/lib/thumb/v6-m/nofp/libcr_c.a(itoa.o)
                                                  ./hd44780/hd44780.o
lcd_char                                          ./hd44780/hd44780.o
lcd_cls                                           ./hd44780/hd44780.o
lcd_init                                          ./hd44780/hd44780.o
                                                  ./src/WYS_HD44780.o
lcd_int                                           ./hd44780/hd44780.o
lcd_locate                                        ./hd44780/hd44780.o
lcd_str                                           ./hd44780/hd44780.o
                                                  ./src/WYS_HD44780.o
lcd_write_byte                                    ./hd44780/hd44780.o
lcd_write_cmd                                     ./hd44780/hd44780.o
lcd_write_data                                    ./hd44780/hd44780.o
main                                              ./src/WYS_HD44780.o
                                                  /usr/local/mcuxpressoide-11.5.1_7266/ide/plugins/com.nxp.mcuxpresso.tools.linux_11.5.1.202201181444/tools/bin/../lib/gcc/arm-none-eabi/10.3.1/../../../../arm-none-eabi/lib/thumb/v6-m/nofp/libcr_c.a(__weak__main.o)
uitoa                                             /usr/local/mcuxpressoide-11.5.1_7266/ide/plugins/com.nxp.mcuxpresso.tools.linux_11.5.1.202201181444/tools/bin/../lib/gcc/arm-none-eabi/10.3.1/../../../../arm-none-eabi/lib/thumb/v6-m/nofp/libcr_c.a(itoa.o)
